// Jest Snapshot v1, https://goo.gl/fbAQLP

exports[`todofilter component should render snapshot 1`] = `
<div
  data-testid="todofilter-container"
>
  <button
    style="border: 1px solid red;"
    type="button"
  >
    All
  </button>
  <button
    type="button"
  >
    Pending
  </button>
  <button
    type="button"
  >
    Completed
  </button>
</div>
`;
